/*
 * Below is log from the SAMA7D65 Curiosity Kit. 
 * Find "/////" for my comments.
 * e161c000.ethernet-ffffffff
 */

[root@joem-sama7 ~]$ ./mepa_app_sanity_check_lan884x -m
mdio-netlink module loaded or already running.
Available mdio buses: 
--> e161c000.ethernet-ffffffff
--> e1618000.ethernet-ffffffff
--> fixed-0
Please pass one of the above as an 'exact' argument using -m <mdio_bus>. 
Using wildcard is not supported. 
 Failed to initialize mdio
[root@joem-sama7 ~]$ ./mepa_app_sanity_check_lan884x -m e161c000.ethernet-ffffffff 1                                                                    
Using mdio bus: e161c000.ethernet-ffffffff
mdio-netlink module loaded or already running.
Selected mdio bus: e161c000.ethernet-ffffffff; Using PHY Address: 1
 Successfully initialized mdio_bus!
 Phy has been probed 

MEPA Reset all PHYs
 PHY Reset Success.

MEPA Register Read/Write Only
 PHY Register 2: 0x0022
 PHY Register 3: 0x1652
 Writing 0xABCD to PHY register 22...
 Read PHY register 22: 0xABCD
 Reset PHY Register 22: 0x8021

MEPA Get PHY Information Details
 Part Number: 0x2289; Revision: 0x2

MEPA Port Configuration
 PHY configuration success.

MEPA Poll PHY link status
MEPA Poll Link Information per Port 
 Speed: Undefined, fdx: Yes, Link: Down
MEPA Poll Link Information per Port 
 Speed: Undefined, fdx: Yes, Link: Up
MEPA Poll Link Information per Port 
 Speed: Undefined, fdx: Yes, Link: Up
MEPA Poll Link Information per Port 
 Speed: Undefined, fdx: Yes, Link: Up

[root@joem-sama7 ~]$ ip a
1: lo: <LOOPBACK,UP,LOWER_UP> mtu 65536 qdisc noqueue state UNKNOWN group default qlen 1000
    link/loopback 00:00:00:00:00:00 brd 00:00:00:00:00:00
    inet 127.0.0.1/8 scope host lo
       valid_lft forever preferred_lft forever
    inet6 ::1/128 scope host noprefixroute 
       valid_lft forever preferred_lft forever
2: can0: <NOARP,ECHO> mtu 16 qdisc noop state DOWN group default qlen 10
    link/can 
3: can1: <NOARP,ECHO> mtu 16 qdisc noop state DOWN group default qlen 10
    link/can 
4: can2: <NOARP,ECHO> mtu 16 qdisc noop state DOWN group default qlen 10
    link/can 
5: eth0: <BROADCAST,MULTICAST,UP,LOWER_UP> mtu 1500 qdisc mq state UP group default qlen 1000
    link/ether 80:1f:12:c2:0e:50 brd ff:ff:ff:ff:ff:ff
    inet 192.168.137.221/24 brd 192.168.137.255 scope global eth0
       valid_lft forever preferred_lft forever
    inet6 fe80::821f:12ff:fec2:e50/64 scope link proto kernel_ll 
       valid_lft forever preferred_lft forever
6: eth1: <BROADCAST,MULTICAST> mtu 1500 qdisc noop state DOWN group default qlen 1000
    link/ether 04:91:62:46:bc:cf brd ff:ff:ff:ff:ff:ff
7: sit0@NONE: <NOARP> mtu 1480 qdisc noop state DOWN group default qlen 1000
    link/sit 0.0.0.0 brd 0.0.0.0

[root@joem-sama7 ~]$ ethtool -S eth1
NIC statistics:
     tx_octets: 0
     tx_frames: 0
     tx_broadcast_frames: 0
     tx_multicast_frames: 0
     tx_pause_frames: 0
     tx_64_byte_frames: 0
     tx_65_127_byte_frames: 0
     tx_128_255_byte_frames: 0
     tx_256_511_byte_frames: 0
     tx_512_1023_byte_frames: 0
     tx_1024_1518_byte_frames: 0
     tx_greater_than_1518_byte_frames: 0
     tx_underrun: 0
     tx_single_collision_frames: 0
     tx_multiple_collision_frames: 0
     tx_excessive_collisions: 0
     tx_late_collisions: 0
     tx_deferred_frames: 0
     tx_carrier_sense_errors: 0
     rx_octets: 0
     rx_frames: 0
     rx_broadcast_frames: 0
     rx_multicast_frames: 0
     rx_pause_frames: 0
     rx_64_byte_frames: 0
     rx_65_127_byte_frames: 0
     rx_128_255_byte_frames: 0
     rx_256_511_byte_frames: 0
     rx_512_1023_byte_frames: 0
     rx_1024_1518_byte_frames: 0
     rx_greater_than_1518_byte_frames: 0
     rx_undersized_frames: 0
     rx_oversize_frames: 0
     rx_jabbers: 0
     rx_frame_check_sequence_errors: 0
     rx_length_field_frame_errors: 0
     rx_symbol_errors: 0
     rx_alignment_errors: 0
     rx_resource_errors: 0
     rx_overruns: 0
     rx_ip_header_checksum_errors: 0
     rx_tcp_checksum_errors: 0
     rx_udp_checksum_errors: 0
     q0_rx_packets: 0
     q0_rx_bytes: 0
     q0_rx_dropped: 0
     q0_tx_packets: 0
     q0_tx_bytes: 0
     q0_tx_dropped: 0
     q1_rx_packets: 0
     q1_rx_bytes: 0
     q1_rx_dropped: 0
     q1_tx_packets: 0
     q1_tx_bytes: 0
     q1_tx_dropped: 0
     q2_rx_packets: 0
     q2_rx_bytes: 0
     q2_rx_dropped: 0
     q2_tx_packets: 0
     q2_tx_bytes: 0
     q2_tx_dropped: 0
     q3_rx_packets: 0
     q3_rx_bytes: 0
     q3_rx_dropped: 0
     q3_tx_packets: 0
     q3_tx_bytes: 0
     q3_tx_dropped: 0
     q4_rx_packets: 0
     q4_rx_bytes: 0
     q4_rx_dropped: 0
     q4_tx_packets: 0
     q4_tx_bytes: 0
     q4_tx_dropped: 0
     q5_rx_packets: 0
     q5_rx_bytes: 0
     q5_rx_dropped: 0
     q5_tx_packets: 0
     q5_tx_bytes: 0
     q5_tx_dropped: 0
///// send data from link partner around 1k frames                                            
[root@joem-sama7 ~]$ ethtool -S eth1
NIC statistics:
     tx_octets: 0
     tx_frames: 0
     tx_broadcast_frames: 0
     tx_multicast_frames: 0
     tx_pause_frames: 0
     tx_64_byte_frames: 0
     tx_65_127_byte_frames: 0
     tx_128_255_byte_frames: 0
     tx_256_511_byte_frames: 0
     tx_512_1023_byte_frames: 0
     tx_1024_1518_byte_frames: 0
     tx_greater_than_1518_byte_frames: 0
     tx_underrun: 0
     tx_single_collision_frames: 0
     tx_multiple_collision_frames: 0
     tx_excessive_collisions: 0
     tx_late_collisions: 0
     tx_deferred_frames: 0
     tx_carrier_sense_errors: 0
     rx_octets: 0
     rx_frames: 0
     rx_broadcast_frames: 0
     rx_multicast_frames: 0
     rx_pause_frames: 0
     rx_64_byte_frames: 0
     rx_65_127_byte_frames: 0
     rx_128_255_byte_frames: 0
     rx_256_511_byte_frames: 0
     rx_512_1023_byte_frames: 0
     rx_1024_1518_byte_frames: 0
     rx_greater_than_1518_byte_frames: 0
     rx_undersized_frames: 0
     rx_oversize_frames: 0
     rx_jabbers: 0
     rx_frame_check_sequence_errors: 0
     rx_length_field_frame_errors: 0
     rx_symbol_errors: 0
     rx_alignment_errors: 0
     rx_resource_errors: 0
     rx_overruns: 0
     rx_ip_header_checkm_errors: 0
     rx_tcp_checksum_errors: 0
     rx_udp_checksum_errors: 0
     q0_rx_packets: 0
     q0_rx_bytes: 0
     q0_rx_dropped: 0
     q0_tx_packets: 0
     q0_tx_bytes: 0
     q0_tx_dropped: 0
     q1_rx_packets: 0
     q1_rx_bytes: 0
     q1_rx_dropped: 0
     q1_tx_packets: 0
     q1_tx_bytes: 0
     q1_tx_dropped: 0
     q2_rx_packets: 0
     q2_rx_bytes: 0
     q2_rx_dropped: 0
     q2_tx_packets: 0
     q2_tx_bytes: 0
     q2_tx_dropped: 0
     q3_rx_packets: 0
     q3_rx_bytes: 0
     q3_rx_dropped: 0
     q3_tx_packets: 0
     q3_tx_bytes: 0
     q3_tx_dropped: 0
     q4_rx_packets: 0
     q4_rx_bytes: 0
     q4_rx_dropped: 0
     q4_tx_packets: 0
     q4_tx_bytes: 0
     q4_tx_dropped: 0
     q5_rx_packets: 0
     q5_rx_bytes: 0
     q5_rx_dropped: 0
     q5_tx_packets: 0
     q5_tx_bytes: 0
     q5_tx_dropped: 0

////// Expected. No receive since MAC is not up. Only PHY is up.
[root@joem-sama7 ~]$ ip link set dev eth1 up
macb e161c000.ethernet eth1: configuring for fixed/rgmii-id link mode
macb e161c000.ethernet eth1: Link is Up - 1Gbps/Full - flow control off
macb e161c000.ethernet: gem-ptp-timer ptp clock registered.
///// Send Again
[root@joem-sama7 ~]$ ethtool -S eth1
NIC statistics:
     tx_octets: 1964
     tx_frames: 17
     tx_broadcast_frames: 0
     tx_multicast_frames: 17
     tx_pause_frames: 0
     tx_64_byte_frames: 0
     tx_65_127_byte_frames: 11
     tx_128_255_byte_frames: 6
     tx_256_511_byte_frames: 0
     tx_512_1023_byte_frames: 0
     tx_1024_1518_byte_frames: 0
     tx_greater_than_1518_byte_frames: 0
     tx_underrun: 0
     tx_single_collision_frames: 0
     tx_multiple_collision_frames: 0
     tx_excessive_collisions: 0
     tx_late_collisions: 0
     tx_deferred_frames: 0
     tx_carrier_sense_errors: 0
     rx_octets: 64000
     rx_frames: 1000
     rx_broadcast_frames: 1000
     rx_multicast_frames: 0
     rx_pause_frames: 0
     rx_64_byte_frames: 1000
     rx_65_127_byte_frames: 0
     rx_128_255_byte_frames: 0
     rx_256_511_byte_frames: 0
     rx_512_1023_byte_frames: 0
     rx_1024_1518_byte_frames: 0
     rx_greater_than_1518_byte_frames: 0
     rx_undersized_frames: 0
     rx_oversize_frames: 0
     rx_jabbers: 0
     rx_frame_check_sequence_errors: 0
     rx_length_field_frame_errors: 0
     rx_symbol_errors: 0
     rx_alignment_errors: 0
     rx_resource_errors: 0
     rx_overruns: 0
     rx_ip_header_checksum_errors: 0
     rx_tcp_checksum_errors: 0
     rx_udp_checksum_errors: 0
     q0_rx_packets: 1000
     q0_rx_bytes: 46000
     q0_rx_dropped: 0
     q0_tx_packets: 4
     q0_tx_bytes: 456
     q0_tx_dropped: 0
     q1_rx_packs: 0
     q1_rx_bytes: 0
     q1_rx_dropped: 0
     q1_tx_packets: 0
     q1_tx_bytes: 0
     q1_tx_dropped: 0
     q2_rx_packets: 0
     q2_rx_bytes: 0
     q2_rx_dropped: 0
     q2_tx_packets: 3
     q2_tx_bytes: 238
     q2_tx_dropped: 0
     q3_rx_packets: 0
     q3_rx_bytes: 0
     q3_rx_dropped: 0
     q3_tx_packets: 3
     q3_tx_bytes: 270
     q3_tx_dropped: 0
     q4_rx_packets: 0
     q4_rx_bytes: 0
     q4_rx_dropped: 0
     q4_tx_packets: 7
     q4_tx_bytes: 968
     q4_tx_dropped: 0
     q5_rx_packets: 0
     q5_rx_bytes: 0
     q5_rx_dropped: 0
     q5_tx_packets: 0
     q5_tx_bytes: 0
     q5_tx_dropped: 0
[root@joem-sama7 ~]$ 